2025-04-05 17:02:02,942 - __main__ - INFO - Starting Telegram Forwarder
2025-04-05 17:02:03,213 - telethon.network.mtprotosender - INFO - Connecting to 149.154.167.51:443/TcpFull...
2025-04-05 17:02:04,449 - telethon.network.mtprotosender - INFO - Connection to 149.154.167.51:443/TcpFull complete!
2025-04-05 17:02:26,170 - __main__ - INFO - Successfully connected to Telegram
2025-04-05 17:03:22,733 - __main__ - ERROR - Cant load tg chats shortlist
2025-04-05 17:03:22,756 - telethon.client.updates - ERROR - Unhandled exception on handle_new_message
Traceback (most recent call last):
  File "C:\Users\Aleksei\Documents\telegram forwarder\.venv\Lib\site-packages\telethon\client\updates.py", line 570, in _dispatch_update
    await callback(event)
  File "c:\Users\Aleksei\Documents\telegram forwarder\telegram-forwarder.py", line 186, in handle_new_message
    chats_shortlist = load_tg_chats_shortlist()
                      ^^^^^^^^^^^^^^^^^^^^^^^^^
  File "c:\Users\Aleksei\Documents\telegram forwarder\telegram-forwarder.py", line 46, in load_tg_chats_shortlist
    return shortlist
           ^^^^^^^^^
UnboundLocalError: cannot access local variable 'shortlist' where it is not associated with a value
2025-04-05 17:04:21,611 - __main__ - ERROR - Cant load tg chats shortlist
2025-04-05 17:04:21,614 - telethon.client.updates - ERROR - Unhandled exception on handle_new_message
Traceback (most recent call last):
  File "C:\Users\Aleksei\Documents\telegram forwarder\.venv\Lib\site-packages\telethon\client\updates.py", line 570, in _dispatch_update
    await callback(event)
  File "c:\Users\Aleksei\Documents\telegram forwarder\telegram-forwarder.py", line 186, in handle_new_message
    chats_shortlist = load_tg_chats_shortlist()
                      ^^^^^^^^^^^^^^^^^^^^^^^^^
  File "c:\Users\Aleksei\Documents\telegram forwarder\telegram-forwarder.py", line 46, in load_tg_chats_shortlist
    return shortlist
           ^^^^^^^^^
UnboundLocalError: cannot access local variable 'shortlist' where it is not associated with a value
2025-04-05 17:04:24,026 - __main__ - ERROR - Cant load tg chats shortlist
2025-04-05 17:04:24,027 - telethon.client.updates - ERROR - Unhandled exception on handle_new_message
Traceback (most recent call last):
  File "C:\Users\Aleksei\Documents\telegram forwarder\.venv\Lib\site-packages\telethon\client\updates.py", line 570, in _dispatch_update
    await callback(event)
  File "c:\Users\Aleksei\Documents\telegram forwarder\telegram-forwarder.py", line 186, in handle_new_message
    chats_shortlist = load_tg_chats_shortlist()
                      ^^^^^^^^^^^^^^^^^^^^^^^^^
  File "c:\Users\Aleksei\Documents\telegram forwarder\telegram-forwarder.py", line 46, in load_tg_chats_shortlist
    return shortlist
           ^^^^^^^^^
UnboundLocalError: cannot access local variable 'shortlist' where it is not associated with a value
2025-04-05 17:04:39,546 - __main__ - ERROR - Cant load tg chats shortlist
2025-04-05 17:04:39,547 - telethon.client.updates - ERROR - Unhandled exception on handle_new_message
Traceback (most recent call last):
  File "C:\Users\Aleksei\Documents\telegram forwarder\.venv\Lib\site-packages\telethon\client\updates.py", line 570, in _dispatch_update
    await callback(event)
  File "c:\Users\Aleksei\Documents\telegram forwarder\telegram-forwarder.py", line 186, in handle_new_message
    chats_shortlist = load_tg_chats_shortlist()
                      ^^^^^^^^^^^^^^^^^^^^^^^^^
  File "c:\Users\Aleksei\Documents\telegram forwarder\telegram-forwarder.py", line 46, in load_tg_chats_shortlist
    return shortlist
           ^^^^^^^^^
UnboundLocalError: cannot access local variable 'shortlist' where it is not associated with a value
2025-04-05 17:06:31,450 - __main__ - INFO - Starting Telegram Forwarder
2025-04-05 17:06:31,733 - telethon.network.mtprotosender - INFO - Connecting to 149.154.167.51:443/TcpFull...
2025-04-05 17:06:31,781 - telethon.network.mtprotosender - INFO - Connection to 149.154.167.51:443/TcpFull complete!
2025-04-05 17:06:32,104 - __main__ - INFO - Successfully connected to Telegram
2025-04-05 17:06:41,223 - __main__ - ERROR - Cant load tg chats shortlist
2025-04-05 17:06:41,224 - telethon.client.updates - ERROR - Unhandled exception on handle_new_message
Traceback (most recent call last):
  File "C:\Users\Aleksei\Documents\telegram forwarder\.venv\Lib\site-packages\telethon\client\updates.py", line 570, in _dispatch_update
    await callback(event)
  File "c:\Users\Aleksei\Documents\telegram forwarder\telegram-forwarder.py", line 187, in handle_new_message
    chats_shortlist_ids = [i.get('channel_id') for i in chats_shortlist]
                                                        ^^^^^^^^^^^^^^^
TypeError: 'NoneType' object is not iterable
2025-04-05 17:10:27,912 - __main__ - ERROR - Cant load tg chats shortlist
2025-04-05 17:10:43,581 - __main__ - ERROR - Cant load tg chats shortlist
2025-04-05 17:12:04,256 - __main__ - ERROR - Cant load tg chats shortlist with error: <built-in method with_traceback of JSONDecodeError object at 0x000001F829043150>
2025-04-05 17:12:20,816 - __main__ - ERROR - Cant load tg chats shortlist with error: Expecting value: line 1 column 1 (char 0)
2025-04-05 17:13:49,431 - __main__ - ERROR - Cant load tg chats shortlist with error: Expecting value: line 1 column 1 (char 0)
2025-04-05 17:20:00,638 - __main__ - INFO - Starting Telegram Forwarder
2025-04-05 17:20:01,061 - telethon.network.mtprotosender - INFO - Connecting to 149.154.167.51:443/TcpFull...
2025-04-05 17:20:01,108 - telethon.network.mtprotosender - INFO - Connection to 149.154.167.51:443/TcpFull complete!
2025-04-05 17:20:01,395 - __main__ - INFO - Successfully connected to Telegram
2025-04-05 17:20:07,326 - __main__ - WARNING - Got message not from shortlist with id: -1001569287064
2025-04-05 17:21:22,999 - __main__ - WARNING - Got message not from shortlist with id: -1001569287064
2025-04-05 17:21:51,972 - __main__ - WARNING - Got message not from shortlist with id: -1001569287064
2025-04-05 17:23:49,071 - __main__ - WARNING - Got message not from shortlist with id: -1001569287064
2025-04-05 17:24:39,521 - __main__ - WARNING - Got message not from shortlist with id: -1001569287064
2025-04-05 17:25:13,781 - telethon.client.updates - INFO - Got difference for account updates
2025-04-05 17:25:13,783 - __main__ - WARNING - Got message not from shortlist with id: -1001881264810
2025-04-05 17:25:13,904 - telethon.client.updates - INFO - Got difference for channel 1205673716 updates
2025-04-05 17:25:13,906 - __main__ - WARNING - Got message not from shortlist with id: -1001205673716
2025-04-05 17:25:13,907 - __main__ - WARNING - Got message not from shortlist with id: -1001205673716
2025-04-05 17:25:13,908 - __main__ - WARNING - Got message not from shortlist with id: -1001205673716
2025-04-05 17:25:13,909 - __main__ - WARNING - Got message not from shortlist with id: -1001205673716
2025-04-05 17:25:14,393 - telethon.client.updates - INFO - Got difference for channel 1535354438 updates
2025-04-05 17:25:14,395 - __main__ - WARNING - Got message not from shortlist with id: -1001535354438
2025-04-05 17:25:14,396 - __main__ - WARNING - Got message not from shortlist with id: -1001535354438
2025-04-05 17:25:14,397 - __main__ - WARNING - Got message not from shortlist with id: -1001535354438
2025-04-05 17:25:14,399 - __main__ - WARNING - Got message not from shortlist with id: -1001535354438
2025-04-05 17:25:14,401 - __main__ - WARNING - Got message not from shortlist with id: -1001535354438
2025-04-05 17:25:14,402 - __main__ - WARNING - Got message not from shortlist with id: -1001535354438
2025-04-05 17:25:14,483 - telethon.client.updates - INFO - Got difference for channel 1300947848 updates
2025-04-05 17:25:14,484 - __main__ - WARNING - Got message not from shortlist with id: -1001300947848
2025-04-05 17:25:14,486 - __main__ - WARNING - Got message not from shortlist with id: -1001300947848
2025-04-05 17:25:14,487 - __main__ - WARNING - Got message not from shortlist with id: -1001300947848
2025-04-05 17:25:14,489 - __main__ - WARNING - Got message not from shortlist with id: -1001300947848
2025-04-05 17:25:14,491 - __main__ - WARNING - Got message not from shortlist with id: -1001300947848
2025-04-05 17:25:14,607 - telethon.client.updates - INFO - Got difference for channel 1821280502 updates
2025-04-05 17:25:14,609 - __main__ - WARNING - Got message not from shortlist with id: -1001821280502
2025-04-05 17:25:14,611 - __main__ - WARNING - Got message not from shortlist with id: -1001821280502
2025-04-05 17:25:14,613 - __main__ - WARNING - Got message not from shortlist with id: -1001821280502
2025-04-05 17:25:14,614 - __main__ - WARNING - Got message not from shortlist with id: -1001821280502
2025-04-05 17:25:14,618 - __main__ - WARNING - Got message not from shortlist with id: -1001821280502
2025-04-05 17:25:14,628 - __main__ - WARNING - Got message not from shortlist with id: -1001821280502
2025-04-05 17:25:14,636 - __main__ - WARNING - Got message not from shortlist with id: -1001821280502
2025-04-05 17:25:14,643 - __main__ - WARNING - Got message not from shortlist with id: -1001821280502
2025-04-05 17:25:14,648 - __main__ - WARNING - Got message not from shortlist with id: -1001821280502
2025-04-05 17:25:14,651 - __main__ - WARNING - Got message not from shortlist with id: -1001821280502
2025-04-05 17:25:14,654 - __main__ - WARNING - Got message not from shortlist with id: -1001821280502
2025-04-05 17:25:14,662 - __main__ - WARNING - Got message not from shortlist with id: -1001821280502
2025-04-05 17:25:14,666 - __main__ - WARNING - Got message not from shortlist with id: -1001821280502
2025-04-05 17:25:14,667 - __main__ - WARNING - Got message not from shortlist with id: -1001821280502
2025-04-05 17:25:14,669 - __main__ - WARNING - Got message not from shortlist with id: -1001821280502
2025-04-05 17:25:14,670 - __main__ - WARNING - Got message not from shortlist with id: -1001821280502
2025-04-05 17:25:14,674 - __main__ - WARNING - Got message not from shortlist with id: -1001821280502
2025-04-05 17:25:14,678 - __main__ - WARNING - Got message not from shortlist with id: -1001821280502
2025-04-05 17:25:14,679 - __main__ - WARNING - Got message not from shortlist with id: -1001821280502
2025-04-05 17:25:14,681 - __main__ - WARNING - Got message not from shortlist with id: -1001821280502
2025-04-05 17:25:14,683 - __main__ - WARNING - Got message not from shortlist with id: -1001821280502
2025-04-05 17:25:14,685 - __main__ - WARNING - Got message not from shortlist with id: -1001821280502
2025-04-05 17:25:14,689 - __main__ - WARNING - Got message not from shortlist with id: -1001821280502
2025-04-05 17:25:14,691 - __main__ - WARNING - Got message not from shortlist with id: -1001821280502
2025-04-05 17:25:14,693 - __main__ - WARNING - Got message not from shortlist with id: -1001821280502
2025-04-05 17:25:14,694 - __main__ - WARNING - Got message not from shortlist with id: -1001821280502
2025-04-05 17:25:14,694 - __main__ - WARNING - Got message not from shortlist with id: -1001821280502
2025-04-05 17:25:14,697 - __main__ - WARNING - Got message not from shortlist with id: -1001821280502
2025-04-05 17:25:14,699 - __main__ - WARNING - Got message not from shortlist with id: -1001821280502
2025-04-05 17:25:14,802 - telethon.client.updates - INFO - Got difference for channel 1975057471 updates
2025-04-05 17:25:14,873 - __main__ - INFO - Sending data to webhook. Attempt 1
2025-04-05 17:25:15,797 - __main__ - INFO - Successfully sent data to webhook. Status code: 200
2025-04-05 17:25:15,819 - __main__ - INFO - Sending data to webhook. Attempt 1
2025-04-05 17:25:16,472 - __main__ - WARNING - Failed to send data. Status code: 404, Response: {"code":404,"message":"The requested webhook \"cebe55e0-2ed8-4b21-ad31-f3cee4f7d43f\" is not registered.","hint":"Click the 'Test workflow' button on the canvas, then try again. (In test mode, the webhook only works for one call after you click this button)"}
2025-04-05 17:25:16,473 - __main__ - INFO - Retrying in 1 seconds...
2025-04-05 17:25:16,481 - __main__ - INFO - Sending data to webhook. Attempt 1
2025-04-05 17:25:17,163 - __main__ - WARNING - Failed to send data. Status code: 404, Response: {"code":404,"message":"The requested webhook \"cebe55e0-2ed8-4b21-ad31-f3cee4f7d43f\" is not registered.","hint":"Click the 'Test workflow' button on the canvas, then try again. (In test mode, the webhook only works for one call after you click this button)"}
2025-04-05 17:25:17,164 - __main__ - INFO - Retrying in 1 seconds...
2025-04-05 17:25:17,182 - __main__ - INFO - Sending data to webhook. Attempt 1
2025-04-05 17:25:17,872 - __main__ - WARNING - Failed to send data. Status code: 404, Response: {"code":404,"message":"The requested webhook \"cebe55e0-2ed8-4b21-ad31-f3cee4f7d43f\" is not registered.","hint":"Click the 'Test workflow' button on the canvas, then try again. (In test mode, the webhook only works for one call after you click this button)"}
2025-04-05 17:25:17,873 - __main__ - INFO - Retrying in 1 seconds...
2025-04-05 17:25:17,883 - __main__ - INFO - Sending data to webhook. Attempt 1
2025-04-05 17:25:18,581 - __main__ - WARNING - Failed to send data. Status code: 404, Response: {"code":404,"message":"The requested webhook \"cebe55e0-2ed8-4b21-ad31-f3cee4f7d43f\" is not registered.","hint":"Click the 'Test workflow' button on the canvas, then try again. (In test mode, the webhook only works for one call after you click this button)"}
2025-04-05 17:25:18,582 - __main__ - INFO - Retrying in 1 seconds...
2025-04-05 17:25:18,604 - __main__ - INFO - Sending data to webhook. Attempt 1
2025-04-05 17:25:19,319 - __main__ - WARNING - Failed to send data. Status code: 404, Response: {"code":404,"message":"The requested webhook \"cebe55e0-2ed8-4b21-ad31-f3cee4f7d43f\" is not registered.","hint":"Click the 'Test workflow' button on the canvas, then try again. (In test mode, the webhook only works for one call after you click this button)"}
2025-04-05 17:25:19,320 - __main__ - INFO - Retrying in 1 seconds...
2025-04-05 17:25:19,350 - __main__ - INFO - Sending data to webhook. Attempt 1
2025-04-05 17:25:20,098 - __main__ - WARNING - Failed to send data. Status code: 404, Response: {"code":404,"message":"The requested webhook \"cebe55e0-2ed8-4b21-ad31-f3cee4f7d43f\" is not registered.","hint":"Click the 'Test workflow' button on the canvas, then try again. (In test mode, the webhook only works for one call after you click this button)"}
2025-04-05 17:25:20,098 - __main__ - INFO - Retrying in 1 seconds...
2025-04-05 17:25:20,099 - __main__ - INFO - Sending data to webhook. Attempt 2
2025-04-05 17:25:20,767 - __main__ - WARNING - Failed to send data. Status code: 404, Response: {"code":404,"message":"The requested webhook \"cebe55e0-2ed8-4b21-ad31-f3cee4f7d43f\" is not registered.","hint":"Click the 'Test workflow' button on the canvas, then try again. (In test mode, the webhook only works for one call after you click this button)"}
2025-04-05 17:25:20,768 - __main__ - INFO - Retrying in 1 seconds...
2025-04-05 17:25:20,768 - __main__ - INFO - Sending data to webhook. Attempt 2
2025-04-05 17:25:21,455 - __main__ - WARNING - Failed to send data. Status code: 404, Response: {"code":404,"message":"The requested webhook \"cebe55e0-2ed8-4b21-ad31-f3cee4f7d43f\" is not registered.","hint":"Click the 'Test workflow' button on the canvas, then try again. (In test mode, the webhook only works for one call after you click this button)"}
2025-04-05 17:25:21,456 - __main__ - INFO - Retrying in 1 seconds...
2025-04-05 17:25:21,457 - __main__ - INFO - Sending data to webhook. Attempt 2
2025-04-05 17:25:22,106 - __main__ - WARNING - Failed to send data. Status code: 404, Response: {"code":404,"message":"The requested webhook \"cebe55e0-2ed8-4b21-ad31-f3cee4f7d43f\" is not registered.","hint":"Click the 'Test workflow' button on the canvas, then try again. (In test mode, the webhook only works for one call after you click this button)"}
2025-04-05 17:25:22,107 - __main__ - INFO - Retrying in 1 seconds...
2025-04-05 17:25:22,108 - __main__ - INFO - Sending data to webhook. Attempt 2
2025-04-05 17:25:22,772 - __main__ - WARNING - Failed to send data. Status code: 404, Response: {"code":404,"message":"The requested webhook \"cebe55e0-2ed8-4b21-ad31-f3cee4f7d43f\" is not registered.","hint":"Click the 'Test workflow' button on the canvas, then try again. (In test mode, the webhook only works for one call after you click this button)"}
2025-04-05 17:25:22,772 - __main__ - INFO - Retrying in 1 seconds...
2025-04-05 17:25:22,774 - __main__ - INFO - Sending data to webhook. Attempt 2
2025-04-05 17:25:23,456 - __main__ - WARNING - Failed to send data. Status code: 404, Response: {"code":404,"message":"The requested webhook \"cebe55e0-2ed8-4b21-ad31-f3cee4f7d43f\" is not registered.","hint":"Click the 'Test workflow' button on the canvas, then try again. (In test mode, the webhook only works for one call after you click this button)"}
2025-04-05 17:25:23,457 - __main__ - INFO - Retrying in 1 seconds...
2025-04-05 17:25:23,458 - __main__ - INFO - Sending data to webhook. Attempt 2
2025-04-05 17:25:24,174 - __main__ - WARNING - Failed to send data. Status code: 404, Response: {"code":404,"message":"The requested webhook \"cebe55e0-2ed8-4b21-ad31-f3cee4f7d43f\" is not registered.","hint":"Click the 'Test workflow' button on the canvas, then try again. (In test mode, the webhook only works for one call after you click this button)"}
2025-04-05 17:25:24,175 - __main__ - INFO - Retrying in 1 seconds...
2025-04-05 17:25:24,176 - __main__ - INFO - Sending data to webhook. Attempt 3
2025-04-05 17:25:24,907 - __main__ - WARNING - Failed to send data. Status code: 404, Response: {"code":404,"message":"The requested webhook \"cebe55e0-2ed8-4b21-ad31-f3cee4f7d43f\" is not registered.","hint":"Click the 'Test workflow' button on the canvas, then try again. (In test mode, the webhook only works for one call after you click this button)"}
2025-04-05 17:25:24,908 - __main__ - ERROR - Max retry attempts reached. Giving up.
2025-04-05 17:25:24,910 - __main__ - INFO - Sending data to webhook. Attempt 3
2025-04-05 17:25:25,590 - __main__ - WARNING - Failed to send data. Status code: 404, Response: {"code":404,"message":"The requested webhook \"cebe55e0-2ed8-4b21-ad31-f3cee4f7d43f\" is not registered.","hint":"Click the 'Test workflow' button on the canvas, then try again. (In test mode, the webhook only works for one call after you click this button)"}
2025-04-05 17:25:25,590 - __main__ - ERROR - Max retry attempts reached. Giving up.
2025-04-05 17:25:25,595 - __main__ - INFO - Sending data to webhook. Attempt 3
2025-04-05 17:25:26,262 - __main__ - WARNING - Failed to send data. Status code: 404, Response: {"code":404,"message":"The requested webhook \"cebe55e0-2ed8-4b21-ad31-f3cee4f7d43f\" is not registered.","hint":"Click the 'Test workflow' button on the canvas, then try again. (In test mode, the webhook only works for one call after you click this button)"}
2025-04-05 17:25:26,264 - __main__ - ERROR - Max retry attempts reached. Giving up.
2025-04-05 17:25:26,266 - __main__ - INFO - Sending data to webhook. Attempt 3
2025-04-05 17:25:26,954 - __main__ - WARNING - Failed to send data. Status code: 404, Response: {"code":404,"message":"The requested webhook \"cebe55e0-2ed8-4b21-ad31-f3cee4f7d43f\" is not registered.","hint":"Click the 'Test workflow' button on the canvas, then try again. (In test mode, the webhook only works for one call after you click this button)"}
2025-04-05 17:25:26,955 - __main__ - ERROR - Max retry attempts reached. Giving up.
2025-04-05 17:25:26,959 - __main__ - INFO - Sending data to webhook. Attempt 3
2025-04-05 17:25:27,582 - __main__ - WARNING - Failed to send data. Status code: 404, Response: {"code":404,"message":"The requested webhook \"cebe55e0-2ed8-4b21-ad31-f3cee4f7d43f\" is not registered.","hint":"Click the 'Test workflow' button on the canvas, then try again. (In test mode, the webhook only works for one call after you click this button)"}
2025-04-05 17:25:27,583 - __main__ - ERROR - Max retry attempts reached. Giving up.
2025-04-05 17:25:27,587 - __main__ - INFO - Sending data to webhook. Attempt 3
2025-04-05 17:25:28,277 - __main__ - WARNING - Failed to send data. Status code: 404, Response: {"code":404,"message":"The requested webhook \"cebe55e0-2ed8-4b21-ad31-f3cee4f7d43f\" is not registered.","hint":"Click the 'Test workflow' button on the canvas, then try again. (In test mode, the webhook only works for one call after you click this button)"}
2025-04-05 17:25:28,281 - __main__ - ERROR - Max retry attempts reached. Giving up.
2025-04-05 17:28:58,142 - telethon.client.updates - INFO - Got difference for channel 1364264200 updates
2025-04-05 17:28:58,147 - __main__ - INFO - New message from GMX (ID: -1001364264200)
2025-04-05 17:28:58,148 - __main__ - INFO - Sending data to webhook. Attempt 1
2025-04-05 17:28:58,876 - __main__ - INFO - Successfully sent data to webhook. Status code: 200
2025-04-05 17:33:44,797 - __main__ - INFO - Sending data to webhook. Attempt 1
2025-04-05 17:33:45,755 - __main__ - WARNING - Failed to send data. Status code: 404, Response: {"code":404,"message":"The requested webhook \"cebe55e0-2ed8-4b21-ad31-f3cee4f7d43f\" is not registered.","hint":"Click the 'Test workflow' button on the canvas, then try again. (In test mode, the webhook only works for one call after you click this button)"}
2025-04-05 17:33:45,756 - __main__ - INFO - Retrying in 1 seconds...
2025-04-05 17:33:46,760 - __main__ - INFO - Sending data to webhook. Attempt 2
2025-04-05 17:33:47,645 - __main__ - WARNING - Failed to send data. Status code: 404, Response: {"code":404,"message":"The requested webhook \"cebe55e0-2ed8-4b21-ad31-f3cee4f7d43f\" is not registered.","hint":"Click the 'Test workflow' button on the canvas, then try again. (In test mode, the webhook only works for one call after you click this button)"}
2025-04-05 17:33:47,646 - __main__ - INFO - Retrying in 1 seconds...
2025-04-05 17:33:48,661 - __main__ - INFO - Sending data to webhook. Attempt 3
2025-04-05 17:33:49,528 - __main__ - WARNING - Failed to send data. Status code: 404, Response: {"code":404,"message":"The requested webhook \"cebe55e0-2ed8-4b21-ad31-f3cee4f7d43f\" is not registered.","hint":"Click the 'Test workflow' button on the canvas, then try again. (In test mode, the webhook only works for one call after you click this button)"}
2025-04-05 17:33:49,528 - __main__ - ERROR - Max retry attempts reached. Giving up.
2025-04-05 17:35:06,547 - telethon.client.updates - INFO - Got difference for channel 1569287064 updates
2025-04-05 17:35:06,549 - __main__ - WARNING - Got message not from shortlist with id: -1001569287064
2025-04-05 17:35:06,550 - __main__ - WARNING - Got message not from shortlist with id: -1001569287064
2025-04-05 17:35:06,551 - __main__ - WARNING - Got message not from shortlist with id: -1001569287064
2025-04-05 17:35:06,553 - __main__ - WARNING - Got message not from shortlist with id: -1001569287064
2025-04-05 17:35:06,553 - __main__ - WARNING - Got message not from shortlist with id: -1001569287064
2025-04-05 17:35:07,356 - telethon.client.updates - INFO - Got difference for channel 1885212928 updates
2025-04-05 17:35:07,357 - __main__ - WARNING - Got message not from shortlist with id: -1001885212928
2025-04-05 17:35:07,960 - telethon.client.updates - INFO - Got difference for channel 1623216403 updates
2025-04-05 17:35:07,961 - __main__ - WARNING - Got message not from shortlist with id: -1001623216403
2025-04-05 17:35:07,963 - __main__ - WARNING - Got message not from shortlist with id: -1001623216403
2025-04-05 17:35:07,964 - __main__ - WARNING - Got message not from shortlist with id: -1001623216403
2025-04-05 17:35:08,037 - telethon.client.updates - INFO - Got difference for channel 1922722582 updates
2025-04-05 17:35:08,436 - telethon.client.updates - INFO - Got difference for channel 1282475561 updates
2025-04-05 17:35:08,440 - __main__ - WARNING - Got message not from shortlist with id: -1001282475561
2025-04-05 17:35:08,508 - telethon.client.updates - INFO - Got difference for channel 1720956720 updates
2025-04-05 17:35:08,577 - telethon.client.updates - INFO - Got difference for channel 1679818288 updates
2025-04-05 17:35:08,579 - __main__ - WARNING - Got message not from shortlist with id: -1001679818288
2025-04-05 17:35:08,580 - __main__ - WARNING - Got message not from shortlist with id: -1001679818288
2025-04-05 17:35:08,583 - __main__ - WARNING - Got message not from shortlist with id: -1001679818288
2025-04-05 17:35:08,584 - __main__ - WARNING - Got message not from shortlist with id: -1001679818288
2025-04-05 17:35:08,588 - __main__ - WARNING - Got message not from shortlist with id: -1001679818288
2025-04-05 17:35:08,856 - telethon.client.updates - INFO - Got difference for channel 1793215293 updates
2025-04-05 17:35:08,857 - __main__ - WARNING - Got message not from shortlist with id: -1001793215293
2025-04-05 17:35:08,966 - telethon.client.updates - INFO - Got difference for channel 1080132414 updates
2025-04-05 17:35:08,968 - __main__ - WARNING - Got message not from shortlist with id: -1001080132414
2025-04-05 17:35:08,969 - __main__ - WARNING - Got message not from shortlist with id: -1001080132414
2025-04-05 17:35:08,970 - __main__ - WARNING - Got message not from shortlist with id: -1001080132414
2025-04-05 17:35:09,343 - telethon.client.updates - INFO - Got difference for channel 1882608980 updates
2025-04-05 17:35:09,345 - __main__ - WARNING - Got message not from shortlist with id: -1001882608980
2025-04-05 17:35:10,080 - telethon.client.updates - INFO - Got difference for channel 1605996131 updates
2025-04-05 17:35:10,082 - __main__ - WARNING - Got message not from shortlist with id: -1001605996131
2025-04-05 17:35:10,084 - __main__ - WARNING - Got message not from shortlist with id: -1001605996131
2025-04-05 17:35:10,085 - __main__ - WARNING - Got message not from shortlist with id: -1001605996131
2025-04-05 17:35:10,086 - __main__ - WARNING - Got message not from shortlist with id: -1001605996131
2025-04-05 17:35:10,955 - telethon.client.updates - INFO - Got difference for channel 1650107003 updates
2025-04-05 17:35:10,957 - __main__ - WARNING - Got message not from shortlist with id: -1001650107003
2025-04-05 17:35:11,133 - telethon.client.updates - INFO - Got difference for channel 1406656383 updates
2025-04-05 17:35:11,135 - __main__ - WARNING - Got message not from shortlist with id: -1001406656383
2025-04-05 17:35:11,191 - telethon.client.updates - INFO - Got difference for channel 1383492480 updates
2025-04-05 17:35:11,433 - telethon.client.updates - INFO - Got difference for channel 1553186701 updates
2025-04-05 17:35:11,632 - telethon.client.updates - INFO - Got difference for channel 1099595414 updates
2025-04-05 17:35:11,634 - __main__ - WARNING - Got message not from shortlist with id: -1001099595414
2025-04-05 17:35:11,775 - telethon.client.updates - INFO - Got difference for channel 1534797723 updates
2025-04-05 17:35:11,777 - __main__ - WARNING - Got message not from shortlist with id: -1001534797723
2025-04-05 17:35:11,997 - telethon.client.updates - INFO - Got difference for channel 1554940323 updates
2025-04-05 17:35:12,000 - __main__ - WARNING - Got message not from shortlist with id: -1001554940323
2025-04-05 17:35:12,122 - telethon.client.updates - INFO - Got difference for channel 1744834983 updates
2025-04-05 17:35:12,124 - __main__ - WARNING - Got message not from shortlist with id: -1001744834983
2025-04-05 17:35:12,125 - __main__ - WARNING - Got message not from shortlist with id: -1001744834983
2025-04-05 17:35:12,126 - __main__ - WARNING - Got message not from shortlist with id: -1001744834983
2025-04-05 17:35:12,235 - telethon.client.updates - INFO - Got difference for channel 1311452586 updates
2025-04-05 17:35:12,836 - telethon.client.updates - INFO - Got difference for channel 1524912570 updates
2025-04-05 17:35:12,837 - __main__ - WARNING - Got message not from shortlist with id: -1001524912570
2025-04-05 17:35:12,839 - __main__ - WARNING - Got message not from shortlist with id: -1001524912570
2025-04-05 17:35:12,840 - __main__ - WARNING - Got message not from shortlist with id: -1001524912570
2025-04-05 17:35:12,841 - __main__ - WARNING - Got message not from shortlist with id: -1001524912570
2025-04-05 17:35:12,842 - __main__ - WARNING - Got message not from shortlist with id: -1001524912570
2025-04-05 17:35:12,843 - __main__ - WARNING - Got message not from shortlist with id: -1001524912570
2025-04-05 17:35:12,844 - __main__ - WARNING - Got message not from shortlist with id: -1001524912570
2025-04-05 17:35:12,848 - __main__ - WARNING - Got message not from shortlist with id: -1001524912570
2025-04-05 17:35:12,850 - __main__ - WARNING - Got message not from shortlist with id: -1001524912570
2025-04-05 17:35:12,854 - __main__ - WARNING - Got message not from shortlist with id: -1001524912570
2025-04-05 17:35:12,856 - __main__ - WARNING - Got message not from shortlist with id: -1001524912570
2025-04-05 17:35:12,857 - __main__ - WARNING - Got message not from shortlist with id: -1001524912570
2025-04-05 17:35:12,858 - __main__ - WARNING - Got message not from shortlist with id: -1001524912570
2025-04-05 17:35:13,293 - telethon.client.updates - INFO - Got difference for channel 1395942336 updates
2025-04-05 17:35:13,294 - __main__ - WARNING - Got message not from shortlist with id: -1001395942336
2025-04-05 17:35:13,649 - telethon.client.updates - INFO - Got difference for channel 1522020564 updates
2025-04-05 17:35:13,651 - __main__ - WARNING - Got message not from shortlist with id: -1001522020564
2025-04-05 17:35:13,652 - __main__ - WARNING - Got message not from shortlist with id: -1001522020564
2025-04-05 17:35:13,760 - telethon.client.updates - INFO - Got difference for channel 1350928341 updates
2025-04-05 17:35:13,836 - telethon.client.updates - INFO - Got difference for channel 1596046807 updates
2025-04-05 17:35:14,163 - telethon.client.updates - INFO - Got difference for channel 1681978332 updates
2025-04-05 17:35:14,165 - __main__ - WARNING - Got message not from shortlist with id: -1001681978332
2025-04-05 17:35:14,166 - __main__ - WARNING - Got message not from shortlist with id: -1001681978332
2025-04-05 17:35:14,167 - __main__ - WARNING - Got message not from shortlist with id: -1001681978332
2025-04-05 17:35:14,168 - __main__ - WARNING - Got message not from shortlist with id: -1001681978332
2025-04-05 17:35:14,418 - telethon.client.updates - INFO - Got difference for channel 1357982180 updates
2025-04-05 17:35:14,703 - telethon.client.updates - INFO - Got difference for channel 1384836333 updates
2025-04-05 17:35:14,704 - __main__ - WARNING - Got message not from shortlist with id: -1001384836333
2025-04-05 17:35:14,777 - telethon.client.updates - INFO - Got difference for channel 1477500910 updates
2025-04-05 17:35:14,778 - __main__ - WARNING - Got message not from shortlist with id: -1001477500910
2025-04-05 17:35:14,928 - telethon.client.updates - INFO - Got difference for channel 1835014897 updates
2025-04-05 17:35:14,930 - __main__ - WARNING - Got message not from shortlist with id: -1001835014897
2025-04-05 17:35:14,931 - __main__ - WARNING - Got message not from shortlist with id: -1001835014897
2025-04-05 17:35:14,932 - __main__ - WARNING - Got message not from shortlist with id: -1001835014897
2025-04-05 17:35:14,933 - __main__ - WARNING - Got message not from shortlist with id: -1001835014897
2025-04-05 17:35:14,934 - __main__ - WARNING - Got message not from shortlist with id: -1001835014897
2025-04-05 17:35:14,937 - __main__ - WARNING - Got message not from shortlist with id: -1001835014897
2025-04-05 17:35:14,941 - __main__ - WARNING - Got message not from shortlist with id: -1001835014897
2025-04-05 17:35:14,944 - __main__ - WARNING - Got message not from shortlist with id: -1001835014897
2025-04-05 17:35:14,947 - __main__ - WARNING - Got message not from shortlist with id: -1001835014897
2025-04-05 17:35:14,949 - __main__ - WARNING - Got message not from shortlist with id: -1001835014897
2025-04-05 17:35:14,952 - __main__ - WARNING - Got message not from shortlist with id: -1001835014897
2025-04-05 17:35:14,954 - __main__ - WARNING - Got message not from shortlist with id: -1001835014897
2025-04-05 17:35:14,959 - __main__ - WARNING - Got message not from shortlist with id: -1001835014897
2025-04-05 17:35:14,962 - __main__ - WARNING - Got message not from shortlist with id: -1001835014897
2025-04-05 17:35:14,965 - __main__ - WARNING - Got message not from shortlist with id: -1001835014897
2025-04-05 17:35:14,976 - __main__ - WARNING - Got message not from shortlist with id: -1001835014897
2025-04-05 17:35:14,978 - __main__ - WARNING - Got message not from shortlist with id: -1001835014897
2025-04-05 17:35:14,980 - __main__ - WARNING - Got message not from shortlist with id: -1001835014897
2025-04-05 17:35:14,983 - __main__ - WARNING - Got message not from shortlist with id: -1001835014897
2025-04-05 17:35:14,985 - __main__ - WARNING - Got message not from shortlist with id: -1001835014897
2025-04-05 17:35:14,989 - __main__ - WARNING - Got message not from shortlist with id: -1001835014897
2025-04-05 17:35:14,991 - __main__ - WARNING - Got message not from shortlist with id: -1001835014897
2025-04-05 17:35:14,992 - __main__ - WARNING - Got message not from shortlist with id: -1001835014897
2025-04-05 17:35:14,993 - __main__ - WARNING - Got message not from shortlist with id: -1001835014897
2025-04-05 17:35:14,995 - __main__ - WARNING - Got message not from shortlist with id: -1001835014897
2025-04-05 17:35:14,997 - __main__ - WARNING - Got message not from shortlist with id: -1001835014897
2025-04-05 17:35:14,999 - __main__ - WARNING - Got message not from shortlist with id: -1001835014897
2025-04-05 17:35:15,005 - __main__ - WARNING - Got message not from shortlist with id: -1001835014897
2025-04-05 17:35:40,415 - __main__ - WARNING - Got message not from shortlist with id: -1001953129955
2025-04-05 17:36:41,479 - __main__ - WARNING - Got message not from shortlist with id: -1001953129955
2025-04-05 17:37:28,430 - __main__ - INFO - Sending data to webhook. Attempt 1
2025-04-05 17:37:29,180 - __main__ - WARNING - Failed to send data. Status code: 404, Response: {"code":404,"message":"The requested webhook \"cebe55e0-2ed8-4b21-ad31-f3cee4f7d43f\" is not registered.","hint":"Click the 'Test workflow' button on the canvas, then try again. (In test mode, the webhook only works for one call after you click this button)"}
2025-04-05 17:37:29,181 - __main__ - INFO - Retrying in 1 seconds...
2025-04-05 17:37:30,185 - __main__ - INFO - Sending data to webhook. Attempt 2
2025-04-05 17:37:30,885 - __main__ - WARNING - Failed to send data. Status code: 404, Response: {"code":404,"message":"The requested webhook \"cebe55e0-2ed8-4b21-ad31-f3cee4f7d43f\" is not registered.","hint":"Click the 'Test workflow' button on the canvas, then try again. (In test mode, the webhook only works for one call after you click this button)"}
2025-04-05 17:37:30,887 - __main__ - INFO - Retrying in 1 seconds...
2025-04-05 17:37:31,902 - __main__ - INFO - Sending data to webhook. Attempt 3
2025-04-05 17:37:32,614 - __main__ - WARNING - Failed to send data. Status code: 404, Response: {"code":404,"message":"The requested webhook \"cebe55e0-2ed8-4b21-ad31-f3cee4f7d43f\" is not registered.","hint":"Click the 'Test workflow' button on the canvas, then try again. (In test mode, the webhook only works for one call after you click this button)"}
2025-04-05 17:37:32,616 - __main__ - ERROR - Max retry attempts reached. Giving up.
2025-04-05 17:42:09,428 - __main__ - INFO - Starting Telegram Forwarder
2025-04-05 17:42:09,754 - telethon.network.mtprotosender - INFO - Connecting to 149.154.167.51:443/TcpFull...
2025-04-05 17:42:09,825 - telethon.network.mtprotosender - INFO - Connection to 149.154.167.51:443/TcpFull complete!
2025-04-05 17:42:10,174 - __main__ - INFO - Successfully connected to Telegram
2025-04-05 17:42:56,473 - __main__ - INFO - Got message not from short list with id: -1001953129955
2025-04-05 17:45:35,395 - __main__ - INFO - Got message not from short list with id: -1001953129955
2025-04-05 17:50:20,262 - __main__ - INFO - Starting Telegram Forwarder
2025-04-05 17:50:20,542 - telethon.network.mtprotosender - INFO - Connecting to 149.154.167.51:443/TcpFull...
2025-04-05 17:50:20,582 - telethon.network.mtprotosender - INFO - Connection to 149.154.167.51:443/TcpFull complete!
2025-04-05 17:50:20,843 - __main__ - INFO - Successfully connected to Telegram
2025-04-05 18:00:16,669 - telethon.client.updates - INFO - Got difference for channel 1364264200 updates
2025-04-05 18:03:27,101 - telethon.client.updates - INFO - Got difference for channel 2131949341 updates
2025-04-05 18:05:20,967 - telethon.client.updates - INFO - Got difference for account updates
2025-04-05 18:05:21,125 - telethon.client.updates - INFO - Got difference for channel 1756127494 updates
2025-04-05 18:05:21,256 - telethon.client.updates - INFO - Got difference for channel 1882608980 updates
2025-04-05 18:05:21,335 - telethon.client.updates - INFO - Got difference for channel 1785698517 updates
2025-04-05 18:05:21,488 - telethon.client.updates - INFO - Got difference for channel 1605996131 updates
2025-04-05 18:05:21,625 - telethon.client.updates - INFO - Got difference for channel 1744834983 updates
2025-04-05 18:05:21,751 - telethon.client.updates - INFO - Got difference for channel 1282475561 updates
2025-04-05 18:05:21,884 - telethon.client.updates - INFO - Got difference for channel 1697987818 updates
2025-04-05 18:05:22,098 - telethon.client.updates - INFO - Got difference for channel 1835014897 updates
2025-04-05 18:05:22,292 - telethon.client.updates - INFO - Got difference for channel 1205673716 updates
2025-04-05 18:05:22,563 - telethon.client.updates - INFO - Got difference for channel 1821280502 updates
2025-04-05 18:05:22,749 - telethon.client.updates - INFO - Got difference for channel 1528034935 updates
2025-04-05 18:05:22,893 - telethon.client.updates - INFO - Got difference for channel 1524912570 updates
2025-04-05 18:05:23,042 - telethon.client.updates - INFO - Got difference for channel 1620889853 updates
2025-04-05 18:05:23,172 - telethon.client.updates - INFO - Got difference for channel 1535354438 updates
2025-04-05 18:05:23,313 - telethon.client.updates - INFO - Got difference for channel 1607100945 updates
2025-04-05 18:05:23,393 - telethon.client.updates - INFO - Got difference for channel 1522020564 updates
2025-04-05 18:05:23,480 - telethon.client.updates - INFO - Got difference for channel 1596046807 updates
2025-04-05 18:05:23,558 - telethon.client.updates - INFO - Got difference for channel 1650107003 updates
2025-04-05 18:05:23,628 - telethon.client.updates - INFO - Got difference for channel 1793215293 updates
2025-04-05 18:05:38,497 - __main__ - INFO - New message from short list, chat_id: -1001967622894
2025-04-05 18:05:38,497 - __main__ - INFO - Sending data to webhook. Attempt 1
2025-04-05 18:05:40,024 - __main__ - WARNING - Failed to send data. Status code: 404, Response: {"code":404,"message":"The requested webhook \"cebe55e0-2ed8-4b21-ad31-f3cee4f7d43f\" is not registered.","hint":"Click the 'Test workflow' button on the canvas, then try again. (In test mode, the webhook only works for one call after you click this button)"}
2025-04-05 18:05:40,025 - __main__ - INFO - Retrying in 1 seconds...
2025-04-05 18:05:41,039 - __main__ - INFO - Sending data to webhook. Attempt 2
2025-04-05 18:05:42,165 - __main__ - WARNING - Failed to send data. Status code: 404, Response: {"code":404,"message":"The requested webhook \"cebe55e0-2ed8-4b21-ad31-f3cee4f7d43f\" is not registered.","hint":"Click the 'Test workflow' button on the canvas, then try again. (In test mode, the webhook only works for one call after you click this button)"}
2025-04-05 18:05:42,166 - __main__ - INFO - Retrying in 1 seconds...
2025-04-05 18:05:43,167 - __main__ - INFO - Sending data to webhook. Attempt 3
2025-04-05 18:05:44,214 - __main__ - WARNING - Failed to send data. Status code: 404, Response: {"code":404,"message":"The requested webhook \"cebe55e0-2ed8-4b21-ad31-f3cee4f7d43f\" is not registered.","hint":"Click the 'Test workflow' button on the canvas, then try again. (In test mode, the webhook only works for one call after you click this button)"}
2025-04-05 18:05:44,215 - __main__ - ERROR - Max retry attempts reached. Giving up.
